define("amrio/tips/index", [ "$", "bootstrap", "amrio/tools/index" ], function(require, exports, module) {
    "use strict";
    var $ = require("$");
    var bootstrap = require("bootstrap");
    require("./style.css");
    require("./helper");
    var tools = require("amrio/tools/index");
    module.exports = {
        show: function(text) {
            text && tools.log(text);
        }
    };
});

define("amrio/tips/style.css", [], function() {
<<<<<<< HEAD
    seajs.importStyle('@import url("./base.css");\n\n.ui-tips{\n    font-size: 12px;\n    border: 1px #f00 solid;\n}\n.ui-tips-content{\n    background-color: #fff;\n}');
=======
    seajs.importStyle('@import url("./base.css");\r\n\r\n.ui-tips{\r\n    font-size: 12px;\r\n    border: 1px #f00 solid;\r\n}\r\n.ui-tips-content{\r\n    background-color: #fff;\r\n}');
>>>>>>> 0b618e8fc9a45856c0629bac77cf2f65dcb8e964
});

define("amrio/tips/helper", [], function(require, exports, module) {
    "use strict";
    module.exports = {
        helper: {}
    };
});